// Jest Snapshot v1, https://goo.gl/fbAQLP

exports[`renders the component 1`] = `
 <div className='app-container'>
     <Timer/>
   </div>

`;
